#-----------------------------------------------------------
# Vivado v2025.1 (64-bit)
# SW Build 6140274 on Thu May 22 00:12:29 MDT 2025
# IP Build 6138677 on Thu May 22 03:10:11 MDT 2025
# SharedData Build 6139179 on Tue May 20 17:58:58 MDT 2025
# Start of session at: Wed Sep 17 12:11:25 2025
# Process ID         : 8400
# Current directory  : D:/Digital-Logic/Project/Lab1/Lab1.runs/impl_1
# Command line       : vivado.exe -log lab2_hw.vdi -applog -product Vivado -messageDb vivado.pb -mode batch -source lab2_hw.tcl -notrace
# Log file           : D:/Digital-Logic/Project/Lab1/Lab1.runs/impl_1/lab2_hw.vdi
# Journal file       : D:/Digital-Logic/Project/Lab1/Lab1.runs/impl_1\vivado.jou
# Running On         : Dell-Inspiron-5518
# Platform           : Windows Server 2016 or Windows 10
# Operating System   : 19045
# Processor Detail   : 11th Gen Intel(R) Core(TM) i5-11320H @ 3.20GHz
# CPU Frequency      : 2496 MHz
# CPU Physical cores : 4
# CPU Logical cores  : 8
# Host memory        : 16910 MB
# Swap memory        : 16791 MB
# Total Virtual      : 33701 MB
# Available Virtual  : 18728 MB
#-----------------------------------------------------------
source lab2_hw.tcl -notrace
